`torch_dtype` is deprecated! Use `dtype` instead!
======================================================================
FIXING & TESTING STEERING
======================================================================

This will test different layers and epsilon values
to find what works best.

Loading model Qwen/Qwen2.5-1.5B-Instruct...
Traceback (most recent call last):
  File "/Users/akshatatiwari/Desktop/MIT/mech_interp_research/uncertainty_routing/fix_and_test_steering.py", line 28, in <module>
    model = ModelWrapper(config)
  File "/Users/akshatatiwari/Desktop/MIT/mech_interp_research/uncertainty_routing/core_utils.py", line 80, in __init__
    self.model = AutoModelForCausalLM.from_pretrained(
  File "/Users/akshatatiwari/anaconda3/lib/python3.10/site-packages/transformers/models/auto/auto_factory.py", line 604, in from_pretrained
    return model_class.from_pretrained(
  File "/Users/akshatatiwari/anaconda3/lib/python3.10/site-packages/transformers/modeling_utils.py", line 277, in _wrapper
    return func(*args, **kwargs)
  File "/Users/akshatatiwari/anaconda3/lib/python3.10/site-packages/transformers/modeling_utils.py", line 4806, in from_pretrained
    raise ValueError(
ValueError: Using a `device_map`, `tp_plan`, `torch.device` context manager or setting `torch.set_default_device(device)` requires `accelerate`. You can install it with `pip install accelerate`
